// Jest Snapshot v1, https://goo.gl/fbAQLP

exports[`Landing tests should match snapshot 1`] = `
<DocumentFragment>
  <div
    class="MuiBox-root MuiBox-root-1 sc-AxjAm ulEmE"
    data-testid="landing-imagen-container"
  >
    <div
      class="MuiBox-root MuiBox-root-2 sc-AxirZ kQnIIt"
      data-testid="landing-text-container"
    >
      <h4
        class="MuiTypography-root sc-AxiKw jqnjlt MuiTypography-h4"
        data-testid="landing-title"
      >
        Disfruta tus vacas
      </h4>
      <button>
        Logout
      </button>
      <p
        class="MuiTypography-root sc-AxiKw jqnjlt MuiTypography-body2 MuiTypography-paragraph"
        data-testid="landing-paragraph-1"
      >
        Sabemos el estres de armar la valija. Es por eso que te solucionamos para que puedas enfocarte en disfrutar!
      </p>
      <p
        class="MuiTypography-root sc-AxiKw jqnjlt MuiTypography-body2 MuiTypography-paragraph"
        data-testid="landing-paragraph-2"
      >
        Preparate el pasaporte y el itinerario del viaje. Nosotros nos ocupamos de la ropa!
      </p>
    </div>
  </div>
</DocumentFragment>
`;
