// Jest Snapshot v1, https://goo.gl/fbAQLP

exports[`Landing tests should match snapshot 1`] = `
<DocumentFragment>
  <div
    class="sc-iBkjds hkfcpW"
  >
    <div
      class="sc-iqcoie ivyQmM"
    >
      <label
        class="sc-gKXOVf jMtTcf"
      >
        A donde quieres ir?
      </label>
      <div
        class=" css-1ktriz-container"
      >
        <span
          class="css-1f43avz-a11yText-A11yText"
          id="react-select-2-live-region"
        />
        <span
          aria-atomic="false"
          aria-live="polite"
          aria-relevant="additions text"
          class="css-1f43avz-a11yText-A11yText"
        />
        <div
          class=" css-1c5nzwc-control"
        >
          <div
            class=" css-so14a7-ValueContainer"
          >
            <div
              class=" css-qc6sy-singleValue"
            >
              Barcelona
            </div>
            <div
              class=" css-a2c4u8-Input"
              data-value=""
            >
              <input
                aria-autocomplete="list"
                aria-expanded="false"
                aria-haspopup="true"
                autocapitalize="none"
                autocomplete="off"
                autocorrect="off"
                class=""
                id="category"
                role="combobox"
                spellcheck="false"
                style="opacity: 1; width: 100%; grid-area: 1 / 2; min-width: 2px; border: 0px; margin: 0px; outline: 0; padding: 0px;"
                tabindex="0"
                type="text"
                value=""
              />
            </div>
          </div>
          <div
            class=" css-1vsx5z8-IndicatorsContainer"
          >
            <div
              aria-hidden="true"
              class="sc-jqUVSM krTeVt"
              data-testid="clear-selection"
            >
              <svg
                fill="none"
                height="8"
                viewBox="0 0 8 8"
                width="8"
                xmlns="http://www.w3.org/2000/svg"
              >
                <path
                  d="M6.82843 7.77596L4 4.94753L1.17157 7.77596L0.22405 6.82843L3.05248 4.00001L0.22405 1.17158L1.17157 0.224057L4 3.05248L6.82843 0.224057L7.77595 1.17158L4.94752 4.00001L7.77595 6.82843L6.82843 7.77596Z"
                  fill="#0BB3BE"
                />
              </svg>
            </div>
          </div>
        </div>
        <input
          name="category"
          type="hidden"
          value="Barcelona"
        />
      </div>
      <div
        class="rdt sc-kDDrLX ftcuDn"
      >
        <input
          class="form-control"
          placeholder="Fecha inicio viaje"
          type="text"
          value="01/09/2022"
        />
        <div
          class="rdtPicker"
        >
          <div
            class="rdtDays"
          >
            <table>
              <thead>
                <tr>
                  <th
                    class="rdtPrev"
                  >
                    <span>
                      ‹
                    </span>
                  </th>
                  <th
                    class="rdtSwitch"
                    colspan="5"
                    data-value="8"
                  >
                    septiembre 2022
                  </th>
                  <th
                    class="rdtNext"
                  >
                    <span>
                      ›
                    </span>
                  </th>
                </tr>
                <tr>
                  <th
                    class="dow"
                  >
                    lu
                  </th>
                  <th
                    class="dow"
                  >
                    ma
                  </th>
                  <th
                    class="dow"
                  >
                    mi
                  </th>
                  <th
                    class="dow"
                  >
                    ju
                  </th>
                  <th
                    class="dow"
                  >
                    vi
                  </th>
                  <th
                    class="dow"
                  >
                    sá
                  </th>
                  <th
                    class="dow"
                  >
                    do
                  </th>
                </tr>
              </thead>
              <tbody>
                <tr>
                  <td
                    class="rdtDay rdtOld"
                    data-month="7"
                    data-value="29"
                    data-year="2022"
                  >
                    29
                  </td>
                  <td
                    class="rdtDay rdtOld"
                    data-month="7"
                    data-value="30"
                    data-year="2022"
                  >
                    30
                  </td>
                  <td
                    class="rdtDay rdtOld"
                    data-month="7"
                    data-value="31"
                    data-year="2022"
                  >
                    31
                  </td>
                  <td
                    class="rdtDay rdtActive"
                    data-month="8"
                    data-value="1"
                    data-year="2022"
                  >
                    1
                  </td>
                  <td
                    class="rdtDay"
                    data-month="8"
                    data-value="2"
                    data-year="2022"
                  >
                    2
                  </td>
                  <td
                    class="rdtDay"
                    data-month="8"
                    data-value="3"
                    data-year="2022"
                  >
                    3
                  </td>
                  <td
                    class="rdtDay"
                    data-month="8"
                    data-value="4"
                    data-year="2022"
                  >
                    4
                  </td>
                </tr>
                <tr>
                  <td
                    class="rdtDay"
                    data-month="8"
                    data-value="5"
                    data-year="2022"
                  >
                    5
                  </td>
                  <td
                    class="rdtDay"
                    data-month="8"
                    data-value="6"
                    data-year="2022"
                  >
                    6
                  </td>
                  <td
                    class="rdtDay"
                    data-month="8"
                    data-value="7"
                    data-year="2022"
                  >
                    7
                  </td>
                  <td
                    class="rdtDay"
                    data-month="8"
                    data-value="8"
                    data-year="2022"
                  >
                    8
                  </td>
                  <td
                    class="rdtDay"
                    data-month="8"
                    data-value="9"
                    data-year="2022"
                  >
                    9
                  </td>
                  <td
                    class="rdtDay"
                    data-month="8"
                    data-value="10"
                    data-year="2022"
                  >
                    10
                  </td>
                  <td
                    class="rdtDay"
                    data-month="8"
                    data-value="11"
                    data-year="2022"
                  >
                    11
                  </td>
                </tr>
                <tr>
                  <td
                    class="rdtDay"
                    data-month="8"
                    data-value="12"
                    data-year="2022"
                  >
                    12
                  </td>
                  <td
                    class="rdtDay rdtToday"
                    data-month="8"
                    data-value="13"
                    data-year="2022"
                  >
                    13
                  </td>
                  <td
                    class="rdtDay"
                    data-month="8"
                    data-value="14"
                    data-year="2022"
                  >
                    14
                  </td>
                  <td
                    class="rdtDay"
                    data-month="8"
                    data-value="15"
                    data-year="2022"
                  >
                    15
                  </td>
                  <td
                    class="rdtDay"
                    data-month="8"
                    data-value="16"
                    data-year="2022"
                  >
                    16
                  </td>
                  <td
                    class="rdtDay"
                    data-month="8"
                    data-value="17"
                    data-year="2022"
                  >
                    17
                  </td>
                  <td
                    class="rdtDay"
                    data-month="8"
                    data-value="18"
                    data-year="2022"
                  >
                    18
                  </td>
                </tr>
                <tr>
                  <td
                    class="rdtDay"
                    data-month="8"
                    data-value="19"
                    data-year="2022"
                  >
                    19
                  </td>
                  <td
                    class="rdtDay"
                    data-month="8"
                    data-value="20"
                    data-year="2022"
                  >
                    20
                  </td>
                  <td
                    class="rdtDay"
                    data-month="8"
                    data-value="21"
                    data-year="2022"
                  >
                    21
                  </td>
                  <td
                    class="rdtDay"
                    data-month="8"
                    data-value="22"
                    data-year="2022"
                  >
                    22
                  </td>
                  <td
                    class="rdtDay"
                    data-month="8"
                    data-value="23"
                    data-year="2022"
                  >
                    23
                  </td>
                  <td
                    class="rdtDay"
                    data-month="8"
                    data-value="24"
                    data-year="2022"
                  >
                    24
                  </td>
                  <td
                    class="rdtDay"
                    data-month="8"
                    data-value="25"
                    data-year="2022"
                  >
                    25
                  </td>
                </tr>
                <tr>
                  <td
                    class="rdtDay"
                    data-month="8"
                    data-value="26"
                    data-year="2022"
                  >
                    26
                  </td>
                  <td
                    class="rdtDay"
                    data-month="8"
                    data-value="27"
                    data-year="2022"
                  >
                    27
                  </td>
                  <td
                    class="rdtDay"
                    data-month="8"
                    data-value="28"
                    data-year="2022"
                  >
                    28
                  </td>
                  <td
                    class="rdtDay"
                    data-month="8"
                    data-value="29"
                    data-year="2022"
                  >
                    29
                  </td>
                  <td
                    class="rdtDay"
                    data-month="8"
                    data-value="30"
                    data-year="2022"
                  >
                    30
                  </td>
                  <td
                    class="rdtDay rdtNew"
                    data-month="9"
                    data-value="1"
                    data-year="2022"
                  >
                    1
                  </td>
                  <td
                    class="rdtDay rdtNew"
                    data-month="9"
                    data-value="2"
                    data-year="2022"
                  >
                    2
                  </td>
                </tr>
                <tr>
                  <td
                    class="rdtDay rdtNew"
                    data-month="9"
                    data-value="3"
                    data-year="2022"
                  >
                    3
                  </td>
                  <td
                    class="rdtDay rdtNew"
                    data-month="9"
                    data-value="4"
                    data-year="2022"
                  >
                    4
                  </td>
                  <td
                    class="rdtDay rdtNew"
                    data-month="9"
                    data-value="5"
                    data-year="2022"
                  >
                    5
                  </td>
                  <td
                    class="rdtDay rdtNew"
                    data-month="9"
                    data-value="6"
                    data-year="2022"
                  >
                    6
                  </td>
                  <td
                    class="rdtDay rdtNew"
                    data-month="9"
                    data-value="7"
                    data-year="2022"
                  >
                    7
                  </td>
                  <td
                    class="rdtDay rdtNew"
                    data-month="9"
                    data-value="8"
                    data-year="2022"
                  >
                    8
                  </td>
                  <td
                    class="rdtDay rdtNew"
                    data-month="9"
                    data-value="9"
                    data-year="2022"
                  >
                    9
                  </td>
                </tr>
              </tbody>
            </table>
          </div>
        </div>
      </div>
      <div
        class="rdt sc-kDDrLX ftcuDn"
      >
        <input
          class="form-control"
          placeholder="Fecha fin viaje"
          type="text"
          value="11/09/2022"
        />
        <div
          class="rdtPicker"
        >
          <div
            class="rdtDays"
          >
            <table>
              <thead>
                <tr>
                  <th
                    class="rdtPrev"
                  >
                    <span>
                      ‹
                    </span>
                  </th>
                  <th
                    class="rdtSwitch"
                    colspan="5"
                    data-value="8"
                  >
                    septiembre 2022
                  </th>
                  <th
                    class="rdtNext"
                  >
                    <span>
                      ›
                    </span>
                  </th>
                </tr>
                <tr>
                  <th
                    class="dow"
                  >
                    lu
                  </th>
                  <th
                    class="dow"
                  >
                    ma
                  </th>
                  <th
                    class="dow"
                  >
                    mi
                  </th>
                  <th
                    class="dow"
                  >
                    ju
                  </th>
                  <th
                    class="dow"
                  >
                    vi
                  </th>
                  <th
                    class="dow"
                  >
                    sá
                  </th>
                  <th
                    class="dow"
                  >
                    do
                  </th>
                </tr>
              </thead>
              <tbody>
                <tr>
                  <td
                    class="rdtDay rdtOld"
                    data-month="7"
                    data-value="29"
                    data-year="2022"
                  >
                    29
                  </td>
                  <td
                    class="rdtDay rdtOld"
                    data-month="7"
                    data-value="30"
                    data-year="2022"
                  >
                    30
                  </td>
                  <td
                    class="rdtDay rdtOld"
                    data-month="7"
                    data-value="31"
                    data-year="2022"
                  >
                    31
                  </td>
                  <td
                    class="rdtDay"
                    data-month="8"
                    data-value="1"
                    data-year="2022"
                  >
                    1
                  </td>
                  <td
                    class="rdtDay"
                    data-month="8"
                    data-value="2"
                    data-year="2022"
                  >
                    2
                  </td>
                  <td
                    class="rdtDay"
                    data-month="8"
                    data-value="3"
                    data-year="2022"
                  >
                    3
                  </td>
                  <td
                    class="rdtDay"
                    data-month="8"
                    data-value="4"
                    data-year="2022"
                  >
                    4
                  </td>
                </tr>
                <tr>
                  <td
                    class="rdtDay"
                    data-month="8"
                    data-value="5"
                    data-year="2022"
                  >
                    5
                  </td>
                  <td
                    class="rdtDay"
                    data-month="8"
                    data-value="6"
                    data-year="2022"
                  >
                    6
                  </td>
                  <td
                    class="rdtDay"
                    data-month="8"
                    data-value="7"
                    data-year="2022"
                  >
                    7
                  </td>
                  <td
                    class="rdtDay"
                    data-month="8"
                    data-value="8"
                    data-year="2022"
                  >
                    8
                  </td>
                  <td
                    class="rdtDay"
                    data-month="8"
                    data-value="9"
                    data-year="2022"
                  >
                    9
                  </td>
                  <td
                    class="rdtDay"
                    data-month="8"
                    data-value="10"
                    data-year="2022"
                  >
                    10
                  </td>
                  <td
                    class="rdtDay rdtActive"
                    data-month="8"
                    data-value="11"
                    data-year="2022"
                  >
                    11
                  </td>
                </tr>
                <tr>
                  <td
                    class="rdtDay"
                    data-month="8"
                    data-value="12"
                    data-year="2022"
                  >
                    12
                  </td>
                  <td
                    class="rdtDay rdtToday"
                    data-month="8"
                    data-value="13"
                    data-year="2022"
                  >
                    13
                  </td>
                  <td
                    class="rdtDay"
                    data-month="8"
                    data-value="14"
                    data-year="2022"
                  >
                    14
                  </td>
                  <td
                    class="rdtDay"
                    data-month="8"
                    data-value="15"
                    data-year="2022"
                  >
                    15
                  </td>
                  <td
                    class="rdtDay"
                    data-month="8"
                    data-value="16"
                    data-year="2022"
                  >
                    16
                  </td>
                  <td
                    class="rdtDay"
                    data-month="8"
                    data-value="17"
                    data-year="2022"
                  >
                    17
                  </td>
                  <td
                    class="rdtDay"
                    data-month="8"
                    data-value="18"
                    data-year="2022"
                  >
                    18
                  </td>
                </tr>
                <tr>
                  <td
                    class="rdtDay"
                    data-month="8"
                    data-value="19"
                    data-year="2022"
                  >
                    19
                  </td>
                  <td
                    class="rdtDay"
                    data-month="8"
                    data-value="20"
                    data-year="2022"
                  >
                    20
                  </td>
                  <td
                    class="rdtDay"
                    data-month="8"
                    data-value="21"
                    data-year="2022"
                  >
                    21
                  </td>
                  <td
                    class="rdtDay"
                    data-month="8"
                    data-value="22"
                    data-year="2022"
                  >
                    22
                  </td>
                  <td
                    class="rdtDay"
                    data-month="8"
                    data-value="23"
                    data-year="2022"
                  >
                    23
                  </td>
                  <td
                    class="rdtDay"
                    data-month="8"
                    data-value="24"
                    data-year="2022"
                  >
                    24
                  </td>
                  <td
                    class="rdtDay"
                    data-month="8"
                    data-value="25"
                    data-year="2022"
                  >
                    25
                  </td>
                </tr>
                <tr>
                  <td
                    class="rdtDay"
                    data-month="8"
                    data-value="26"
                    data-year="2022"
                  >
                    26
                  </td>
                  <td
                    class="rdtDay"
                    data-month="8"
                    data-value="27"
                    data-year="2022"
                  >
                    27
                  </td>
                  <td
                    class="rdtDay"
                    data-month="8"
                    data-value="28"
                    data-year="2022"
                  >
                    28
                  </td>
                  <td
                    class="rdtDay"
                    data-month="8"
                    data-value="29"
                    data-year="2022"
                  >
                    29
                  </td>
                  <td
                    class="rdtDay"
                    data-month="8"
                    data-value="30"
                    data-year="2022"
                  >
                    30
                  </td>
                  <td
                    class="rdtDay rdtNew"
                    data-month="9"
                    data-value="1"
                    data-year="2022"
                  >
                    1
                  </td>
                  <td
                    class="rdtDay rdtNew"
                    data-month="9"
                    data-value="2"
                    data-year="2022"
                  >
                    2
                  </td>
                </tr>
                <tr>
                  <td
                    class="rdtDay rdtNew"
                    data-month="9"
                    data-value="3"
                    data-year="2022"
                  >
                    3
                  </td>
                  <td
                    class="rdtDay rdtNew"
                    data-month="9"
                    data-value="4"
                    data-year="2022"
                  >
                    4
                  </td>
                  <td
                    class="rdtDay rdtNew"
                    data-month="9"
                    data-value="5"
                    data-year="2022"
                  >
                    5
                  </td>
                  <td
                    class="rdtDay rdtNew"
                    data-month="9"
                    data-value="6"
                    data-year="2022"
                  >
                    6
                  </td>
                  <td
                    class="rdtDay rdtNew"
                    data-month="9"
                    data-value="7"
                    data-year="2022"
                  >
                    7
                  </td>
                  <td
                    class="rdtDay rdtNew"
                    data-month="9"
                    data-value="8"
                    data-year="2022"
                  >
                    8
                  </td>
                  <td
                    class="rdtDay rdtNew"
                    data-month="9"
                    data-value="9"
                    data-year="2022"
                  >
                    9
                  </td>
                </tr>
              </tbody>
            </table>
          </div>
        </div>
      </div>
      <button
        class="sc-gsnTZi fssMSn"
      >
        BUSCAR
      </button>
    </div>
  </div>
  <div
    class="MuiBox-root MuiBox-root-1 sc-evZas bxNdLL"
    data-testid="landing-imagen-container"
  >
    <div
      class="MuiBox-root MuiBox-root-2 sc-breuTD eWFjNK"
      data-testid="landing-text-container"
    >
      <h4
        class="MuiTypography-root sc-ksZaOG JypUJ MuiTypography-h4"
        data-testid="landing-title"
      >
        Disfruta tus vacas
      </h4>
      <p
        class="MuiTypography-root sc-ksZaOG JypUJ MuiTypography-body2 MuiTypography-paragraph"
        data-testid="landing-paragraph-1"
      >
        Sabemos el estres de armar la valija. Es por eso que te solucionamos para que puedas enfocarte en disfrutar!
      </p>
      <p
        class="MuiTypography-root sc-ksZaOG JypUJ MuiTypography-body2 MuiTypography-paragraph"
        data-testid="landing-paragraph-2"
      >
        Preparate el pasaporte y el itinerario del viaje. Nosotros nos ocupamos de la ropa!
      </p>
    </div>
  </div>
</DocumentFragment>
`;
